../Core/Src/main.c:170:5:main	24	static,ignoring_inline_asm
../Core/Src/main.c:341:6:SystemClock_Config	88	static
../Core/Src/main.c:388:13:MX_CRC_Init	8	static
../Core/Src/main.c:419:13:MX_FDCAN1_Init	8	static
../Core/Src/main.c:462:13:MX_GPIO_Init	40	static
../Core/Src/main.c:494:6:HAL_FDCAN_RxFifo0Callback	32	static
../Core/Src/main.c:626:6:iap_load_app	40	static,ignoring_inline_asm
../Core/Src/main.c:746:6:iap_write_appbin	160	static
../Core/Src/main.c:915:6:Standby	8	static
../Core/Src/main.c:946:6:Error_Handler	4	static,ignoring_inline_asm
