../Core/Src/main.c:174:5:main	24	static,ignoring_inline_asm
../Core/Src/main.c:376:6:SystemClock_Config	88	static
../Core/Src/main.c:424:13:MX_CRC_Init	8	static
../Core/Src/main.c:455:13:MX_FDCAN1_Init	8	static
../Core/Src/main.c:498:13:MX_IWDG_Init	8	static
../Core/Src/main.c:527:13:MX_GPIO_Init	40	static
../Core/Src/main.c:559:6:HAL_FDCAN_RxFifo0Callback	32	static
../Core/Src/main.c:695:6:Iap_Load_App	40	static,ignoring_inline_asm
../Core/Src/main.c:829:6:Iap_Write_AppBin	112	static
../Core/Src/main.c:1003:6:Standby	8	static
../Core/Src/main.c:1062:6:Error_Handler	4	static,ignoring_inline_asm
